// Jest Snapshot v1, https://goo.gl/fbAQLP

exports[`ContactForm should match the snapshot 1`] = `
Array [
  <form
    className="contact-form"
    onSubmit={[Function]}
>
    <div
        className="row"
    >
        <div
            className="col-xs-6"
        >
            <div
                className="form-group"
            >
                <label
                    htmlFor="name"
                >
                    Name:
                </label>
                <input
                    className="form-control"
                    id="name"
                    name="name"
                    onChange={[Function]}
                    type="text"
                    value="a"
                />
            </div>
            <div
                className="form-group"
            >
                <label
                    htmlFor="tel"
                >
                    Telephone:
                </label>
                <input
                    className="form-control"
                    id="tel"
                    name="tel"
                    onChange={[Function]}
                    type="text"
                    value="c"
                />
            </div>
        </div>
        <div
            className="col-xs-6"
        >
            <div
                className="form-group"
            >
                <label
                    htmlFor="email"
                >
                    Email:
                </label>
                <input
                    className="form-control"
                    id="email"
                    name="email"
                    onChange={[Function]}
                    type="text"
                    value="b"
                />
            </div>
            <div
                className="form-group"
            >
                <label
                    htmlFor="type"
                >
                    Type:
                </label>
                <select
                    className="form-control"
                    id="type"
                    name="type"
                    onChange={[Function]}
                    value="Private"
                >
                    <option
                        value="Private"
                    >
                        Private
                    </option>
                    <option
                        value="Business"
                    >
                        Business
                    </option>
                </select>
            </div>
        </div>
    </div>
    <div
        className="text-center"
    >
        <div
            className="btn-group"
        >
            <button
                className="btn btn-primary"
                type="submit"
            >
                foo
            </button>
            <button
                className="btn btn-secondary"
                onClick={[Function]}
                type="button"
            >
                Cancel
            </button>
        </div>
    </div>
</form>,
]
`;
